
> pai-plataforma-inclusiva@1.0.0 check
> tsc --noEmit

client/src/components/Map.tsx(77,23): error TS2688: Cannot find type definition file for '@types/google.maps'.
client/src/components/Map.tsx(85,21): error TS2304: Cannot find name 'google'.
client/src/components/Map.tsx(114,19): error TS2503: Cannot find namespace 'google'.
client/src/components/Map.tsx(116,22): error TS2503: Cannot find namespace 'google'.
client/src/components/Map.tsx(126,22): error TS2503: Cannot find namespace 'google'.
